../Core/Src/main.c:85:5:__io_putchar	16	static
../Core/Src/main.c:96:5:main	24	static
../Core/Src/main.c:158:6:SystemClock_Config	72	static
../Core/Src/main.c:197:13:MX_TIM3_Init	32	static
../Core/Src/main.c:242:13:MX_USART2_UART_Init	8	static
../Core/Src/main.c:275:13:MX_GPIO_Init	32	static
../Core/Src/main.c:296:19:wire_init	8	static
../Core/Src/main.c:300:13:delay_us	16	static
../Core/Src/main.c:305:19:wire_reset	16	static
../Core/Src/main.c:324:12:read_bit	16	static
../Core/Src/main.c:335:9:wire_read	16	static
../Core/Src/main.c:346:13:write_bit	16	static
../Core/Src/main.c:360:6:wire_write	24	static
../Core/Src/main.c:368:16:byte_crc	24	static
../Core/Src/main.c:380:9:wire_crc	24	static
../Core/Src/main.c:390:19:ds18b20_init	8	static
../Core/Src/main.c:395:19:ds18b20_read_address	32	static
../Core/Src/main.c:411:26:send_cmd	24	static
../Core/Src/main.c:427:19:ds18b20_start_measure	16	static
../Core/Src/main.c:432:26:ds18b20_read_scratchpad	32	static
../Core/Src/main.c:447:7:ds18b20_get_temp	32	static
../Core/Src/main.c:462:6:Error_Handler	4	static,ignoring_inline_asm
