../Core/Src/main.c:87:5:__io_putchar	16	static
../Core/Src/main.c:98:5:main	24	static
../Core/Src/main.c:174:6:SystemClock_Config	72	static
../Core/Src/main.c:210:19:wire_init	8	static
../Core/Src/main.c:214:13:delay_us	16	static
../Core/Src/main.c:219:19:wire_reset	16	static
../Core/Src/main.c:238:12:read_bit	16	static
../Core/Src/main.c:249:9:wire_read	16	static
../Core/Src/main.c:260:13:write_bit	16	static
../Core/Src/main.c:274:6:wire_write	24	static
../Core/Src/main.c:282:16:byte_crc	24	static
../Core/Src/main.c:294:9:wire_crc	24	static
../Core/Src/main.c:304:19:ds18b20_init	8	static
../Core/Src/main.c:309:19:ds18b20_read_address	32	static
../Core/Src/main.c:325:26:send_cmd	24	static
../Core/Src/main.c:341:19:ds18b20_start_measure	16	static
../Core/Src/main.c:346:26:ds18b20_read_scratchpad	32	static
../Core/Src/main.c:361:7:ds18b20_get_temp	32	static
../Core/Src/main.c:376:6:Error_Handler	4	static,ignoring_inline_asm
