../Core/Src/main.c:91:5:__io_putchar	16	static
../Core/Src/main.c:102:5:main	24	static
../Core/Src/main.c:177:6:SystemClock_Config	72	static
../Core/Src/main.c:216:13:MX_SPI2_Init	8	static
../Core/Src/main.c:253:13:MX_TIM3_Init	32	static
../Core/Src/main.c:298:13:MX_USART2_UART_Init	8	static
../Core/Src/main.c:331:13:MX_GPIO_Init	32	static
../Core/Src/main.c:359:19:wire_init	8	static
../Core/Src/main.c:363:13:delay_us	16	static
../Core/Src/main.c:368:19:wire_reset	16	static
../Core/Src/main.c:387:12:read_bit	16	static
../Core/Src/main.c:398:9:wire_read	16	static
../Core/Src/main.c:409:13:write_bit	16	static
../Core/Src/main.c:423:6:wire_write	24	static
../Core/Src/main.c:431:16:byte_crc	24	static
../Core/Src/main.c:443:9:wire_crc	24	static
../Core/Src/main.c:453:19:ds18b20_init	8	static
../Core/Src/main.c:458:19:ds18b20_read_address	32	static
../Core/Src/main.c:474:26:send_cmd	24	static
../Core/Src/main.c:490:19:ds18b20_start_measure	16	static
../Core/Src/main.c:495:26:ds18b20_read_scratchpad	32	static
../Core/Src/main.c:510:7:ds18b20_get_temp	32	static
../Core/Src/main.c:525:6:Error_Handler	4	static,ignoring_inline_asm
